13.212.11.147 - - [04/Jun/2024:10:39:52 +0000] "GET /.well-known/acme-challenge/i_FJcA7ojKa3bT4BGwR6O22u0yUYX0IFtM2j974X1K8 HTTP/1.1" 200 87 "-" "Mozilla/5.0 (compatible; Let's Encrypt validation server; +https://www.letsencrypt.org)"
78.192.244.59 - - [04/Jun/2024:10:40:52 +0000] "POST /wp-admin/admin-ajax.php HTTP/1.1" 301 178 "http://eval.bob-datascientest.dns-dynamic.net/wp-admin/index.php" "Mozilla/5.0 (Windows NT 10.0; Win64; x64) AppleWebKit/537.36 (KHTML, like Gecko) Chrome/125.0.0.0 Safari/537.36"
78.192.244.59 - - [04/Jun/2024:10:40:52 +0000] "OPTIONS /wp-admin/admin-ajax.php HTTP/1.1" 200 31 "http://eval.bob-datascientest.dns-dynamic.net/" "Mozilla/5.0 (Windows NT 10.0; Win64; x64) AppleWebKit/537.36 (KHTML, like Gecko) Chrome/125.0.0.0 Safari/537.36"
78.192.244.59 - - [04/Jun/2024:10:40:56 +0000] "GET /wp-admin/index.php HTTP/1.1" 301 178 "http://eval.bob-datascientest.dns-dynamic.net/wp-admin/edit.php?post_type=post" "Mozilla/5.0 (Windows NT 10.0; Win64; x64) AppleWebKit/537.36 (KHTML, like Gecko) Chrome/125.0.0.0 Safari/537.36"
78.192.244.59 - - [04/Jun/2024:10:40:56 +0000] "GET /wp-admin/index.php HTTP/1.1" 302 5 "http://eval.bob-datascientest.dns-dynamic.net/" "Mozilla/5.0 (Windows NT 10.0; Win64; x64) AppleWebKit/537.36 (KHTML, like Gecko) Chrome/125.0.0.0 Safari/537.36"
78.192.244.59 - - [04/Jun/2024:10:40:56 +0000] "GET /wp-login.php?redirect_to=https%3A%2F%2Feval.bob-datascientest.dns-dynamic.net%2Fwp-admin%2Findex.php&reauth=1 HTTP/1.1" 200 2679 "http://eval.bob-datascientest.dns-dynamic.net/" "Mozilla/5.0 (Windows NT 10.0; Win64; x64) AppleWebKit/537.36 (KHTML, like Gecko) Chrome/125.0.0.0 Safari/537.36"
78.192.244.59 - - [04/Jun/2024:10:40:56 +0000] "GET /wp-admin/load-styles.php?c=1&dir=ltr&load%5Bchunk_0%5D=dashicons,buttons,forms,l10n,login&ver=6.5.3 HTTP/1.1" 200 102611 "https://eval.bob-datascientest.dns-dynamic.net/wp-login.php?redirect_to=https%3A%2F%2Feval.bob-datascientest.dns-dynamic.net%2Fwp-admin%2Findex.php&reauth=1" "Mozilla/5.0 (Windows NT 10.0; Win64; x64) AppleWebKit/537.36 (KHTML, like Gecko) Chrome/125.0.0.0 Safari/537.36"
78.192.244.59 - - [04/Jun/2024:10:40:57 +0000] "GET /wp-includes/js/dist/i18n.min.js?ver=5e580eb46a90c2b997e6 HTTP/1.1" 200 9141 "https://eval.bob-datascientest.dns-dynamic.net/wp-login.php?redirect_to=https%3A%2F%2Feval.bob-datascientest.dns-dynamic.net%2Fwp-admin%2Findex.php&reauth=1" "Mozilla/5.0 (Windows NT 10.0; Win64; x64) AppleWebKit/537.36 (KHTML, like Gecko) Chrome/125.0.0.0 Safari/537.36"
78.192.244.59 - - [04/Jun/2024:10:40:57 +0000] "GET /wp-includes/js/underscore.min.js?ver=1.13.4 HTTP/1.1" 200 18833 "https://eval.bob-datascientest.dns-dynamic.net/wp-login.php?redirect_to=https%3A%2F%2Feval.bob-datascientest.dns-dynamic.net%2Fwp-admin%2Findex.php&reauth=1" "Mozilla/5.0 (Windows NT 10.0; Win64; x64) AppleWebKit/537.36 (KHTML, like Gecko) Chrome/125.0.0.0 Safari/537.36"
78.192.244.59 - - [04/Jun/2024:10:40:57 +0000] "GET /wp-admin/js/password-strength-meter.min.js?ver=6.5.3 HTTP/1.1" 200 1123 "https://eval.bob-datascientest.dns-dynamic.net/wp-login.php?redirect_to=https%3A%2F%2Feval.bob-datascientest.dns-dynamic.net%2Fwp-admin%2Findex.php&reauth=1" "Mozilla/5.0 (Windows NT 10.0; Win64; x64) AppleWebKit/537.36 (KHTML, like Gecko) Chrome/125.0.0.0 Safari/537.36"
78.192.244.59 - - [04/Jun/2024:10:40:57 +0000] "GET /wp-includes/js/wp-util.min.js?ver=6.5.3 HTTP/1.1" 200 1426 "https://eval.bob-datascientest.dns-dynamic.net/wp-login.php?redirect_to=https%3A%2F%2Feval.bob-datascientest.dns-dynamic.net%2Fwp-admin%2Findex.php&reauth=1" "Mozilla/5.0 (Windows NT 10.0; Win64; x64) AppleWebKit/537.36 (KHTML, like Gecko) Chrome/125.0.0.0 Safari/537.36"
78.192.244.59 - - [04/Jun/2024:10:40:57 +0000] "GET /wp-admin/js/user-profile.min.js?ver=6.5.3 HTTP/1.1" 200 6276 "https://eval.bob-datascientest.dns-dynamic.net/wp-login.php?redirect_to=https%3A%2F%2Feval.bob-datascientest.dns-dynamic.net%2Fwp-admin%2Findex.php&reauth=1" "Mozilla/5.0 (Windows NT 10.0; Win64; x64) AppleWebKit/537.36 (KHTML, like Gecko) Chrome/125.0.0.0 Safari/537.36"
78.192.244.59 - - [04/Jun/2024:10:40:57 +0000] "GET /wp-admin/load-scripts.php?c=1&load%5Bchunk_0%5D=jquery-core,jquery-migrate,zxcvbn-async,wp-polyfill-inert,regenerator-runtime,wp-polyfill,wp-hooks&ver=6.5.3 HTTP/1.1" 200 159354 "https://eval.bob-datascientest.dns-dynamic.net/wp-login.php?redirect_to=https%3A%2F%2Feval.bob-datascientest.dns-dynamic.net%2Fwp-admin%2Findex.php&reauth=1" "Mozilla/5.0 (Windows NT 10.0; Win64; x64) AppleWebKit/537.36 (KHTML, like Gecko) Chrome/125.0.0.0 Safari/537.36"
78.192.244.59 - - [04/Jun/2024:10:40:57 +0000] "GET /wp-admin/images/wordpress-logo.svg?ver=20131107 HTTP/1.1" 200 1521 "https://eval.bob-datascientest.dns-dynamic.net/wp-admin/load-styles.php?c=1&dir=ltr&load%5Bchunk_0%5D=dashicons,buttons,forms,l10n,login&ver=6.5.3" "Mozilla/5.0 (Windows NT 10.0; Win64; x64) AppleWebKit/537.36 (KHTML, like Gecko) Chrome/125.0.0.0 Safari/537.36"
78.192.244.59 - - [04/Jun/2024:10:40:57 +0000] "GET /wp-includes/js/zxcvbn.min.js HTTP/1.1" 200 822237 "https://eval.bob-datascientest.dns-dynamic.net/wp-login.php?redirect_to=https%3A%2F%2Feval.bob-datascientest.dns-dynamic.net%2Fwp-admin%2Findex.php&reauth=1" "Mozilla/5.0 (Windows NT 10.0; Win64; x64) AppleWebKit/537.36 (KHTML, like Gecko) Chrome/125.0.0.0 Safari/537.36"
95.217.18.177 - - [04/Jun/2024:10:41:06 +0000] "GET / HTTP/1.1" 200 18389 "-" "Mozilla/5.0 (Windows NT 10.0; Win64; x64) AppleWebKit/537.36 (KHTML, like Gecko) Chrome/79.0.3945.130 Safari/537.36"
65.154.226.171 - - [04/Jun/2024:10:41:17 +0000] "GET / HTTP/1.1" 301 178 "-" "Mozilla/5.0 (Windows NT 10.0; Win64; x64) AppleWebKit/537.36 (KHTML, like Gecko) Chrome/117.0.5938.132 Safari/537.36"
65.154.226.171 - - [04/Jun/2024:10:41:18 +0000] "GET / HTTP/1.1" 200 18389 "-" "Mozilla/5.0 (Windows NT 10.0; Win64; x64) AppleWebKit/537.36 (KHTML, like Gecko) Chrome/117.0.5938.132 Safari/537.36"
34.72.176.129 - - [04/Jun/2024:10:41:18 +0000] "GET / HTTP/1.1" 301 178 "-" "Mozilla/5.0 (X11; Linux x86_64) AppleWebKit/537.36 (KHTML, like Gecko) HeadlessChrome/92.0.4515.159 Safari/537.36"
65.154.226.171 - - [04/Jun/2024:10:41:18 +0000] "GET /wp-includes/blocks/navigation/style.min.css?ver=6.5.3 HTTP/1.1" 200 16484 "https://eval.bob-datascientest.dns-dynamic.net/" "Mozilla/5.0 (Windows NT 10.0; Win64; x64) AppleWebKit/537.36 (KHTML, like Gecko) Chrome/117.0.5938.132 Safari/537.36"
65.154.226.171 - - [04/Jun/2024:10:41:18 +0000] "GET /wp-includes/blocks/image/style.min.css?ver=6.5.3 HTTP/1.1" 200 7049 "https://eval.bob-datascientest.dns-dynamic.net/" "Mozilla/5.0 (Windows NT 10.0; Win64; x64) AppleWebKit/537.36 (KHTML, like Gecko) Chrome/117.0.5938.132 Safari/537.36"
65.154.226.171 - - [04/Jun/2024:10:41:18 +0000] "GET /wp-includes/blocks/navigation/view.min.js?ver=6.5.3 HTTP/1.1" 200 3300 "https://eval.bob-datascientest.dns-dynamic.net/" "Mozilla/5.0 (Windows NT 10.0; Win64; x64) AppleWebKit/537.36 (KHTML, like Gecko) Chrome/117.0.5938.132 Safari/537.36"
65.154.226.171 - - [04/Jun/2024:10:41:18 +0000] "GET /wp-includes/js/dist/interactivity.min.js?ver=6.5.3 HTTP/1.1" 200 35085 "https://eval.bob-datascientest.dns-dynamic.net/" "Mozilla/5.0 (Windows NT 10.0; Win64; x64) AppleWebKit/537.36 (KHTML, like Gecko) Chrome/117.0.5938.132 Safari/537.36"
65.154.226.171 - - [04/Jun/2024:10:41:18 +0000] "GET /wp-content/themes/twentytwentyfour/assets/images/tourist-and-building.webp HTTP/1.1" 200 66482 "https://eval.bob-datascientest.dns-dynamic.net/" "Mozilla/5.0 (Windows NT 10.0; Win64; x64) AppleWebKit/537.36 (KHTML, like Gecko) Chrome/117.0.5938.132 Safari/537.36"
65.154.226.171 - - [04/Jun/2024:10:41:18 +0000] "GET /wp-content/themes/twentytwentyfour/assets/images/windows.webp HTTP/1.1" 200 126244 "https://eval.bob-datascientest.dns-dynamic.net/" "Mozilla/5.0 (Windows NT 10.0; Win64; x64) AppleWebKit/537.36 (KHTML, like Gecko) Chrome/117.0.5938.132 Safari/537.36"
65.154.226.171 - - [04/Jun/2024:10:41:18 +0000] "GET /wp-content/themes/twentytwentyfour/assets/images/building-exterior.webp HTTP/1.1" 200 199724 "https://eval.bob-datascientest.dns-dynamic.net/" "Mozilla/5.0 (Windows NT 10.0; Win64; x64) AppleWebKit/537.36 (KHTML, like Gecko) Chrome/117.0.5938.132 Safari/537.36"
65.154.226.171 - - [04/Jun/2024:10:41:18 +0000] "GET /wp-content/themes/twentytwentyfour/assets/fonts/cardo/cardo_normal_400.woff2 HTTP/1.1" 200 146060 "https://eval.bob-datascientest.dns-dynamic.net/" "Mozilla/5.0 (Windows NT 10.0; Win64; x64) AppleWebKit/537.36 (KHTML, like Gecko) Chrome/117.0.5938.132 Safari/537.36"
65.154.226.171 - - [04/Jun/2024:10:41:18 +0000] "GET /wp-content/themes/twentytwentyfour/assets/fonts/inter/Inter-VariableFont_slnt,wght.woff2 HTTP/1.1" 200 326628 "https://eval.bob-datascientest.dns-dynamic.net/" "Mozilla/5.0 (Windows NT 10.0; Win64; x64) AppleWebKit/537.36 (KHTML, like Gecko) Chrome/117.0.5938.132 Safari/537.36"
65.154.226.171 - - [04/Jun/2024:10:41:18 +0000] "GET /wp-includes/js/wp-emoji-release.min.js?ver=6.5.3 HTTP/1.1" 200 18726 "https://eval.bob-datascientest.dns-dynamic.net/" "Mozilla/5.0 (Windows NT 10.0; Win64; x64) AppleWebKit/537.36 (KHTML, like Gecko) Chrome/117.0.5938.132 Safari/537.36"
65.154.226.171 - - [04/Jun/2024:10:41:19 +0000] "GET /wp-content/themes/twentytwentyfour/assets/fonts/cardo/cardo_italic_400.woff2 HTTP/1.1" 200 105184 "https://eval.bob-datascientest.dns-dynamic.net/" "Mozilla/5.0 (Windows NT 10.0; Win64; x64) AppleWebKit/537.36 (KHTML, like Gecko) Chrome/117.0.5938.132 Safari/537.36"
34.122.147.229 - - [04/Jun/2024:10:41:19 +0000] "GET / HTTP/1.1" 200 18389 "-" "Mozilla/5.0 (X11; Linux x86_64) AppleWebKit/537.36 (KHTML, like Gecko) HeadlessChrome/92.0.4515.159 Safari/537.36"
78.192.244.59 - - [04/Jun/2024:10:41:19 +0000] "POST /wp-login.php HTTP/1.1" 302 5 "https://eval.bob-datascientest.dns-dynamic.net/wp-login.php?redirect_to=https%3A%2F%2Feval.bob-datascientest.dns-dynamic.net%2Fwp-admin%2Findex.php&reauth=1" "Mozilla/5.0 (Windows NT 10.0; Win64; x64) AppleWebKit/537.36 (KHTML, like Gecko) Chrome/125.0.0.0 Safari/537.36"
78.192.244.59 - - [04/Jun/2024:10:41:19 +0000] "GET /wp-admin/index.php HTTP/1.1" 200 26621 "https://eval.bob-datascientest.dns-dynamic.net/wp-login.php?redirect_to=https%3A%2F%2Feval.bob-datascientest.dns-dynamic.net%2Fwp-admin%2Findex.php&reauth=1" "Mozilla/5.0 (Windows NT 10.0; Win64; x64) AppleWebKit/537.36 (KHTML, like Gecko) Chrome/125.0.0.0 Safari/537.36"
34.122.147.229 - - [04/Jun/2024:10:41:19 +0000] "GET /wp-includes/js/dist/interactivity.min.js?ver=6.5.3 HTTP/1.1" 200 35085 "https://eval.bob-datascientest.dns-dynamic.net/" "Mozilla/5.0 (X11; Linux x86_64) AppleWebKit/537.36 (KHTML, like Gecko) HeadlessChrome/92.0.4515.159 Safari/537.36"
78.192.244.59 - - [04/Jun/2024:10:41:20 +0000] "GET /wp-includes/js/thickbox/thickbox.css?ver=6.5.3 HTTP/1.1" 200 2659 "https://eval.bob-datascientest.dns-dynamic.net/wp-admin/index.php" "Mozilla/5.0 (Windows NT 10.0; Win64; x64) AppleWebKit/537.36 (KHTML, like Gecko) Chrome/125.0.0.0 Safari/537.36"
78.192.244.59 - - [04/Jun/2024:10:41:20 +0000] "GET /wp-includes/css/editor.min.css?ver=6.5.3 HTTP/1.1" 200 26813 "https://eval.bob-datascientest.dns-dynamic.net/wp-admin/index.php" "Mozilla/5.0 (Windows NT 10.0; Win64; x64) AppleWebKit/537.36 (KHTML, like Gecko) Chrome/125.0.0.0 Safari/537.36"
78.192.244.59 - - [04/Jun/2024:10:41:20 +0000] "GET /wp-admin/load-scripts.php?c=1&load%5Bchunk_0%5D=jquery-core,jquery-migrate,utils&ver=6.5.3 HTTP/1.1" 200 103081 "https://eval.bob-datascientest.dns-dynamic.net/wp-admin/index.php" "Mozilla/5.0 (Windows NT 10.0; Win64; x64) AppleWebKit/537.36 (KHTML, like Gecko) Chrome/125.0.0.0 Safari/537.36"
78.192.244.59 - - [04/Jun/2024:10:41:20 +0000] "GET /wp-admin/js/common.min.js?ver=6.5.3 HTTP/1.1" 200 22279 "https://eval.bob-datascientest.dns-dynamic.net/wp-admin/index.php" "Mozilla/5.0 (Windows NT 10.0; Win64; x64) AppleWebKit/537.36 (KHTML, like Gecko) Chrome/125.0.0.0 Safari/537.36"
78.192.244.59 - - [04/Jun/2024:10:41:20 +0000] "GET /wp-admin/load-scripts.php?c=1&load%5Bchunk_0%5D=hoverIntent,wp-polyfill-inert,regenerator-runtime,wp-polyfill,wp-hooks&ver=6.5.3 HTTP/1.1" 200 59250 "https://eval.bob-datascientest.dns-dynamic.net/wp-admin/index.php" "Mozilla/5.0 (Windows NT 10.0; Win64; x64) AppleWebKit/537.36 (KHTML, like Gecko) Chrome/125.0.0.0 Safari/537.36"
78.192.244.59 - - [04/Jun/2024:10:41:20 +0000] "GET /wp-admin/load-styles.php?c=1&dir=ltr&load%5Bchunk_0%5D=dashicons,admin-bar,site-health,common,forms,admin-menu,dashboard,list-tables,edit,revisions,media,themes,about,nav-menus,wp-poi&load%5Bchunk_1%5D=nter,widgets,site-icon,l10n,buttons,wp-auth-check&ver=6.5.3 HTTP/1.1" 200 399907 "https://eval.bob-datascientest.dns-dynamic.net/wp-admin/index.php" "Mozilla/5.0 (Windows NT 10.0; Win64; x64) AppleWebKit/537.36 (KHTML, like Gecko) Chrome/125.0.0.0 Safari/537.36"
78.192.244.59 - - [04/Jun/2024:10:41:20 +0000] "GET /wp-includes/js/hoverintent-js.min.js?ver=2.2.1 HTTP/1.1" 200 1718 "https://eval.bob-datascientest.dns-dynamic.net/wp-admin/index.php" "Mozilla/5.0 (Windows NT 10.0; Win64; x64) AppleWebKit/537.36 (KHTML, like Gecko) Chrome/125.0.0.0 Safari/537.36"
78.192.244.59 - - [04/Jun/2024:10:41:20 +0000] "GET /wp-includes/js/admin-bar.min.js?ver=6.5.3 HTTP/1.1" 200 3785 "https://eval.bob-datascientest.dns-dynamic.net/wp-admin/index.php" "Mozilla/5.0 (Windows NT 10.0; Win64; x64) AppleWebKit/537.36 (KHTML, like Gecko) Chrome/125.0.0.0 Safari/537.36"
78.192.244.59 - - [04/Jun/2024:10:41:20 +0000] "GET /wp-includes/js/clipboard.min.js?ver=2.0.11 HTTP/1.1" 200 9009 "https://eval.bob-datascientest.dns-dynamic.net/wp-admin/index.php" "Mozilla/5.0 (Windows NT 10.0; Win64; x64) AppleWebKit/537.36 (KHTML, like Gecko) Chrome/125.0.0.0 Safari/537.36"
78.192.244.59 - - [04/Jun/2024:10:41:20 +0000] "GET /wp-includes/js/dist/dom-ready.min.js?ver=f77871ff7694fffea381 HTTP/1.1" 200 457 "https://eval.bob-datascientest.dns-dynamic.net/wp-admin/index.php" "Mozilla/5.0 (Windows NT 10.0; Win64; x64) AppleWebKit/537.36 (KHTML, like Gecko) Chrome/125.0.0.0 Safari/537.36"
78.192.244.59 - - [04/Jun/2024:10:41:20 +0000] "GET /wp-includes/js/dist/a11y.min.js?ver=d90eebea464f6c09bfd5 HTTP/1.1" 200 2358 "https://eval.bob-datascientest.dns-dynamic.net/wp-admin/index.php" "Mozilla/5.0 (Windows NT 10.0; Win64; x64) AppleWebKit/537.36 (KHTML, like Gecko) Chrome/125.0.0.0 Safari/537.36"
78.192.244.59 - - [04/Jun/2024:10:41:20 +0000] "GET /wp-includes/js/api-request.min.js?ver=6.5.3 HTTP/1.1" 200 1023 "https://eval.bob-datascientest.dns-dynamic.net/wp-admin/index.php" "Mozilla/5.0 (Windows NT 10.0; Win64; x64) AppleWebKit/537.36 (KHTML, like Gecko) Chrome/125.0.0.0 Safari/537.36"
78.192.244.59 - - [04/Jun/2024:10:41:20 +0000] "GET /wp-includes/js/dist/url.min.js?ver=421139b01f33e5b327d8 HTTP/1.1" 200 8216 "https://eval.bob-datascientest.dns-dynamic.net/wp-admin/index.php" "Mozilla/5.0 (Windows NT 10.0; Win64; x64) AppleWebKit/537.36 (KHTML, like Gecko) Chrome/125.0.0.0 Safari/537.36"
78.192.244.59 - - [04/Jun/2024:10:41:20 +0000] "GET /wp-admin/js/site-health.min.js?ver=6.5.3 HTTP/1.1" 200 6282 "https://eval.bob-datascientest.dns-dynamic.net/wp-admin/index.php" "Mozilla/5.0 (Windows NT 10.0; Win64; x64) AppleWebKit/537.36 (KHTML, like Gecko) Chrome/125.0.0.0 Safari/537.36"
78.192.244.59 - - [04/Jun/2024:10:41:20 +0000] "GET /wp-includes/js/wp-ajax-response.min.js?ver=6.5.3 HTTP/1.1" 200 2440 "https://eval.bob-datascientest.dns-dynamic.net/wp-admin/index.php" "Mozilla/5.0 (Windows NT 10.0; Win64; x64) AppleWebKit/537.36 (KHTML, like Gecko) Chrome/125.0.0.0 Safari/537.36"
78.192.244.59 - - [04/Jun/2024:10:41:20 +0000] "GET /wp-includes/js/jquery/jquery.color.min.js?ver=2.2.0 HTTP/1.1" 200 7047 "https://eval.bob-datascientest.dns-dynamic.net/wp-admin/index.php" "Mozilla/5.0 (Windows NT 10.0; Win64; x64) AppleWebKit/537.36 (KHTML, like Gecko) Chrome/125.0.0.0 Safari/537.36"
78.192.244.59 - - [04/Jun/2024:10:41:20 +0000] "GET /wp-includes/js/quicktags.min.js?ver=6.5.3 HTTP/1.1" 200 11132 "https://eval.bob-datascientest.dns-dynamic.net/wp-admin/index.php" "Mozilla/5.0 (Windows NT 10.0; Win64; x64) AppleWebKit/537.36 (KHTML, like Gecko) Chrome/125.0.0.0 Safari/537.36"
78.192.244.59 - - [04/Jun/2024:10:41:20 +0000] "GET /wp-includes/js/wp-lists.min.js?ver=6.5.3 HTTP/1.1" 200 7521 "https://eval.bob-datascientest.dns-dynamic.net/wp-admin/index.php" "Mozilla/5.0 (Windows NT 10.0; Win64; x64) AppleWebKit/537.36 (KHTML, like Gecko) Chrome/125.0.0.0 Safari/537.36"
78.192.244.59 - - [04/Jun/2024:10:41:20 +0000] "GET /wp-includes/js/jquery/jquery.query.js?ver=2.2.3 HTTP/1.1" 200 3694 "https://eval.bob-datascientest.dns-dynamic.net/wp-admin/index.php" "Mozilla/5.0 (Windows NT 10.0; Win64; x64) AppleWebKit/537.36 (KHTML, like Gecko) Chrome/125.0.0.0 Safari/537.36"
78.192.244.59 - - [04/Jun/2024:10:41:20 +0000] "GET /wp-admin/js/edit-comments.min.js?ver=6.5.3 HTTP/1.1" 200 15349 "https://eval.bob-datascientest.dns-dynamic.net/wp-admin/index.php" "Mozilla/5.0 (Windows NT 10.0; Win64; x64) AppleWebKit/537.36 (KHTML, like Gecko) Chrome/125.0.0.0 Safari/537.36"
78.192.244.59 - - [04/Jun/2024:10:41:20 +0000] "GET /wp-includes/js/jquery/ui/core.min.js?ver=1.13.2 HTTP/1.1" 200 21438 "https://eval.bob-datascientest.dns-dynamic.net/wp-admin/index.php" "Mozilla/5.0 (Windows NT 10.0; Win64; x64) AppleWebKit/537.36 (KHTML, like Gecko) Chrome/125.0.0.0 Safari/537.36"
78.192.244.59 - - [04/Jun/2024:10:41:20 +0000] "GET /wp-includes/js/jquery/ui/mouse.min.js?ver=1.13.2 HTTP/1.1" 200 3402 "https://eval.bob-datascientest.dns-dynamic.net/wp-admin/index.php" "Mozilla/5.0 (Windows NT 10.0; Win64; x64) AppleWebKit/537.36 (KHTML, like Gecko) Chrome/125.0.0.0 Safari/537.36"
78.192.244.59 - - [04/Jun/2024:10:41:20 +0000] "GET /wp-includes/js/jquery/ui/sortable.min.js?ver=1.13.2 HTTP/1.1" 200 25449 "https://eval.bob-datascientest.dns-dynamic.net/wp-admin/index.php" "Mozilla/5.0 (Windows NT 10.0; Win64; x64) AppleWebKit/537.36 (KHTML, like Gecko) Chrome/125.0.0.0 Safari/537.36"
78.192.244.59 - - [04/Jun/2024:10:41:20 +0000] "GET /wp-includes/js/dist/vendor/moment.min.js?ver=2.29.4 HTTP/1.1" 200 57925 "https://eval.bob-datascientest.dns-dynamic.net/wp-admin/index.php" "Mozilla/5.0 (Windows NT 10.0; Win64; x64) AppleWebKit/537.36 (KHTML, like Gecko) Chrome/125.0.0.0 Safari/537.36"
78.192.244.59 - - [04/Jun/2024:10:41:20 +0000] "GET /wp-admin/js/postbox.min.js?ver=6.5.3 HTTP/1.1" 200 6705 "https://eval.bob-datascientest.dns-dynamic.net/wp-admin/index.php" "Mozilla/5.0 (Windows NT 10.0; Win64; x64) AppleWebKit/537.36 (KHTML, like Gecko) Chrome/125.0.0.0 Safari/537.36"
78.192.244.59 - - [04/Jun/2024:10:41:20 +0000] "GET /wp-includes/js/dist/deprecated.min.js?ver=e1f84915c5e8ae38964c HTTP/1.1" 200 684 "https://eval.bob-datascientest.dns-dynamic.net/wp-admin/index.php" "Mozilla/5.0 (Windows NT 10.0; Win64; x64) AppleWebKit/537.36 (KHTML, like Gecko) Chrome/125.0.0.0 Safari/537.36"
78.192.244.59 - - [04/Jun/2024:10:41:20 +0000] "GET /wp-includes/js/dist/date.min.js?ver=aaca6387d1cf924acc51 HTTP/1.1" 200 783428 "https://eval.bob-datascientest.dns-dynamic.net/wp-admin/index.php" "Mozilla/5.0 (Windows NT 10.0; Win64; x64) AppleWebKit/537.36 (KHTML, like Gecko) Chrome/125.0.0.0 Safari/537.36"
78.192.244.59 - - [04/Jun/2024:10:41:20 +0000] "GET /wp-admin/js/dashboard.min.js?ver=6.5.3 HTTP/1.1" 200 8797 "https://eval.bob-datascientest.dns-dynamic.net/wp-admin/index.php" "Mozilla/5.0 (Windows NT 10.0; Win64; x64) AppleWebKit/537.36 (KHTML, like Gecko) Chrome/125.0.0.0 Safari/537.36"
34.122.147.229 - - [04/Jun/2024:10:41:20 +0000] "GET /wp-includes/blocks/navigation/style.min.css?ver=6.5.3 HTTP/1.1" 200 16484 "https://eval.bob-datascientest.dns-dynamic.net/" "Mozilla/5.0 (X11; Linux x86_64) AppleWebKit/537.36 (KHTML, like Gecko) HeadlessChrome/92.0.4515.159 Safari/537.36"
34.123.170.104 - - [04/Jun/2024:10:41:20 +0000] "GET /wp-includes/blocks/image/style.min.css?ver=6.5.3 HTTP/1.1" 200 7049 "https://eval.bob-datascientest.dns-dynamic.net/" "Mozilla/5.0 (X11; Linux x86_64) AppleWebKit/537.36 (KHTML, like Gecko) HeadlessChrome/92.0.4515.159 Safari/537.36"
78.192.244.59 - - [04/Jun/2024:10:41:20 +0000] "GET /wp-includes/js/thickbox/thickbox.js?ver=3.1-20121105 HTTP/1.1" 200 13275 "https://eval.bob-datascientest.dns-dynamic.net/wp-admin/index.php" "Mozilla/5.0 (Windows NT 10.0; Win64; x64) AppleWebKit/537.36 (KHTML, like Gecko) Chrome/125.0.0.0 Safari/537.36"
34.123.170.104 - - [04/Jun/2024:10:41:20 +0000] "GET /wp-includes/blocks/navigation/view.min.js?ver=6.5.3 HTTP/1.1" 200 3300 "https://eval.bob-datascientest.dns-dynamic.net/" "Mozilla/5.0 (X11; Linux x86_64) AppleWebKit/537.36 (KHTML, like Gecko) HeadlessChrome/92.0.4515.159 Safari/537.36"
78.192.244.59 - - [04/Jun/2024:10:41:20 +0000] "GET /wp-admin/js/plugin-install.min.js?ver=6.5.3 HTTP/1.1" 200 2403 "https://eval.bob-datascientest.dns-dynamic.net/wp-admin/index.php" "Mozilla/5.0 (Windows NT 10.0; Win64; x64) AppleWebKit/537.36 (KHTML, like Gecko) Chrome/125.0.0.0 Safari/537.36"
78.192.244.59 - - [04/Jun/2024:10:41:20 +0000] "GET /wp-includes/js/wp-sanitize.min.js?ver=6.5.3 HTTP/1.1" 200 458 "https://eval.bob-datascientest.dns-dynamic.net/wp-admin/index.php" "Mozilla/5.0 (Windows NT 10.0; Win64; x64) AppleWebKit/537.36 (KHTML, like Gecko) Chrome/125.0.0.0 Safari/537.36"
78.192.244.59 - - [04/Jun/2024:10:41:20 +0000] "GET /wp-admin/js/updates.min.js?ver=6.5.3 HTTP/1.1" 200 48975 "https://eval.bob-datascientest.dns-dynamic.net/wp-admin/index.php" "Mozilla/5.0 (Windows NT 10.0; Win64; x64) AppleWebKit/537.36 (KHTML, like Gecko) Chrome/125.0.0.0 Safari/537.36"
78.192.244.59 - - [04/Jun/2024:10:41:20 +0000] "GET /wp-includes/js/shortcode.min.js?ver=6.5.3 HTTP/1.1" 200 2643 "https://eval.bob-datascientest.dns-dynamic.net/wp-admin/index.php" "Mozilla/5.0 (Windows NT 10.0; Win64; x64) AppleWebKit/537.36 (KHTML, like Gecko) Chrome/125.0.0.0 Safari/537.36"
78.192.244.59 - - [04/Jun/2024:10:41:20 +0000] "GET /wp-admin/js/media-upload.min.js?ver=6.5.3 HTTP/1.1" 200 1152 "https://eval.bob-datascientest.dns-dynamic.net/wp-admin/index.php" "Mozilla/5.0 (Windows NT 10.0; Win64; x64) AppleWebKit/537.36 (KHTML, like Gecko) Chrome/125.0.0.0 Safari/537.36"
78.192.244.59 - - [04/Jun/2024:10:41:20 +0000] "GET /wp-admin/js/svg-painter.js?ver=6.5.3 HTTP/1.1" 200 5522 "https://eval.bob-datascientest.dns-dynamic.net/wp-admin/index.php" "Mozilla/5.0 (Windows NT 10.0; Win64; x64) AppleWebKit/537.36 (KHTML, like Gecko) Chrome/125.0.0.0 Safari/537.36"
78.192.244.59 - - [04/Jun/2024:10:41:20 +0000] "GET /wp-includes/js/heartbeat.min.js?ver=6.5.3 HTTP/1.1" 200 6013 "https://eval.bob-datascientest.dns-dynamic.net/wp-admin/index.php" "Mozilla/5.0 (Windows NT 10.0; Win64; x64) AppleWebKit/537.36 (KHTML, like Gecko) Chrome/125.0.0.0 Safari/537.36"
78.192.244.59 - - [04/Jun/2024:10:41:20 +0000] "GET /wp-includes/js/wp-auth-check.min.js?ver=6.5.3 HTTP/1.1" 200 1658 "https://eval.bob-datascientest.dns-dynamic.net/wp-admin/index.php" "Mozilla/5.0 (Windows NT 10.0; Win64; x64) AppleWebKit/537.36 (KHTML, like Gecko) Chrome/125.0.0.0 Safari/537.36"
78.192.244.59 - - [04/Jun/2024:10:41:20 +0000] "GET /wp-includes/js/wplink.min.js?ver=6.5.3 HTTP/1.1" 200 11253 "https://eval.bob-datascientest.dns-dynamic.net/wp-admin/index.php" "Mozilla/5.0 (Windows NT 10.0; Win64; x64) AppleWebKit/537.36 (KHTML, like Gecko) Chrome/125.0.0.0 Safari/537.36"
78.192.244.59 - - [04/Jun/2024:10:41:20 +0000] "GET /wp-includes/js/jquery/ui/menu.min.js?ver=1.13.2 HTTP/1.1" 200 10114 "https://eval.bob-datascientest.dns-dynamic.net/wp-admin/index.php" "Mozilla/5.0 (Windows NT 10.0; Win64; x64) AppleWebKit/537.36 (KHTML, like Gecko) Chrome/125.0.0.0 Safari/537.36"
78.192.244.59 - - [04/Jun/2024:10:41:20 +0000] "GET /wp-includes/js/jquery/ui/autocomplete.min.js?ver=1.13.2 HTTP/1.1" 200 8466 "https://eval.bob-datascientest.dns-dynamic.net/wp-admin/index.php" "Mozilla/5.0 (Windows NT 10.0; Win64; x64) AppleWebKit/537.36 (KHTML, like Gecko) Chrome/125.0.0.0 Safari/537.36"
78.192.244.59 - - [04/Jun/2024:10:41:20 +0000] "GET /wp-includes/js/wp-emoji-release.min.js?ver=6.5.3 HTTP/1.1" 200 18726 "https://eval.bob-datascientest.dns-dynamic.net/wp-admin/index.php" "Mozilla/5.0 (Windows NT 10.0; Win64; x64) AppleWebKit/537.36 (KHTML, like Gecko) Chrome/125.0.0.0 Safari/537.36"
78.192.244.59 - - [04/Jun/2024:10:41:20 +0000] "GET /wp-includes/js/thickbox/loadingAnimation.gif HTTP/1.1" 200 15238 "https://eval.bob-datascientest.dns-dynamic.net/wp-admin/index.php" "Mozilla/5.0 (Windows NT 10.0; Win64; x64) AppleWebKit/537.36 (KHTML, like Gecko) Chrome/125.0.0.0 Safari/537.36"
34.122.147.229 - - [04/Jun/2024:10:41:20 +0000] "GET /wp-content/themes/twentytwentyfour/assets/images/tourist-and-building.webp HTTP/1.1" 200 66482 "https://eval.bob-datascientest.dns-dynamic.net/" "Mozilla/5.0 (X11; Linux x86_64) AppleWebKit/537.36 (KHTML, like Gecko) HeadlessChrome/92.0.4515.159 Safari/537.36"
34.123.170.104 - - [04/Jun/2024:10:41:20 +0000] "GET /wp-includes/js/dist/vendor/wp-polyfill-importmap.min.js?ver=1.8.2 HTTP/1.1" 200 27160 "https://eval.bob-datascientest.dns-dynamic.net/" "Mozilla/5.0 (X11; Linux x86_64) AppleWebKit/537.36 (KHTML, like Gecko) HeadlessChrome/92.0.4515.159 Safari/537.36"
34.123.170.104 - - [04/Jun/2024:10:41:20 +0000] "GET /wp-content/themes/twentytwentyfour/assets/images/building-exterior.webp HTTP/1.1" 200 199724 "https://eval.bob-datascientest.dns-dynamic.net/" "Mozilla/5.0 (X11; Linux x86_64) AppleWebKit/537.36 (KHTML, like Gecko) HeadlessChrome/92.0.4515.159 Safari/537.36"
34.123.170.104 - - [04/Jun/2024:10:41:20 +0000] "GET /wp-content/themes/twentytwentyfour/assets/fonts/cardo/cardo_italic_400.woff2 HTTP/1.1" 200 105184 "https://eval.bob-datascientest.dns-dynamic.net/" "Mozilla/5.0 (X11; Linux x86_64) AppleWebKit/537.36 (KHTML, like Gecko) HeadlessChrome/92.0.4515.159 Safari/537.36"
34.123.170.104 - - [04/Jun/2024:10:41:20 +0000] "GET /wp-content/themes/twentytwentyfour/assets/images/windows.webp HTTP/1.1" 200 126244 "https://eval.bob-datascientest.dns-dynamic.net/" "Mozilla/5.0 (X11; Linux x86_64) AppleWebKit/537.36 (KHTML, like Gecko) HeadlessChrome/92.0.4515.159 Safari/537.36"
34.122.147.229 - - [04/Jun/2024:10:41:20 +0000] "GET /wp-content/themes/twentytwentyfour/assets/fonts/inter/Inter-VariableFont_slnt,wght.woff2 HTTP/1.1" 200 326628 "https://eval.bob-datascientest.dns-dynamic.net/" "Mozilla/5.0 (X11; Linux x86_64) AppleWebKit/537.36 (KHTML, like Gecko) HeadlessChrome/92.0.4515.159 Safari/537.36"
34.123.170.104 - - [04/Jun/2024:10:41:20 +0000] "GET /wp-includes/js/wp-emoji-release.min.js?ver=6.5.3 HTTP/1.1" 200 18726 "https://eval.bob-datascientest.dns-dynamic.net/" "Mozilla/5.0 (X11; Linux x86_64) AppleWebKit/537.36 (KHTML, like Gecko) HeadlessChrome/92.0.4515.159 Safari/537.36"
34.122.147.229 - - [04/Jun/2024:10:41:21 +0000] "GET /wp-content/themes/twentytwentyfour/assets/fonts/cardo/cardo_normal_400.woff2 HTTP/1.1" 200 146060 "https://eval.bob-datascientest.dns-dynamic.net/" "Mozilla/5.0 (X11; Linux x86_64) AppleWebKit/537.36 (KHTML, like Gecko) HeadlessChrome/92.0.4515.159 Safari/537.36"
205.169.39.127 - - [04/Jun/2024:10:41:24 +0000] "GET / HTTP/1.1" 301 178 "-" "Mozilla/5.0 (Windows NT 6.1; Win64; x64) AppleWebKit/537.36 (KHTML, like Gecko) Chrome/83.0.4103.61 Safari/537.36"
54.224.73.241 - - [04/Jun/2024:10:41:32 +0000] "GET /.git/config HTTP/1.1" 404 13580 "-" "Mozilla/5.0 (Linux; Android 8.1; PBBM00 Build/O11019) AppleWebKit/537.36 (KHTML, like Gecko) Chrome/58.0.3029.110 YaBrowser/17.6.1.345.00 Mobile Safari/537.36"
54.224.73.241 - - [04/Jun/2024:10:41:34 +0000] "GET /.git/config HTTP/1.1" 404 13580 "-" "Mozilla/5.0 (Windows Phone 8.1; ARM; Trident/7.0; Touch; rv:11.0; IEMobile/11.0; NOKIA; Lumia 630) like Gecko"
205.169.39.127 - - [04/Jun/2024:10:41:36 +0000] "GET / HTTP/1.1" 200 18389 "-" "Mozilla/5.0 (Windows NT 6.1; Win64; x64) AppleWebKit/537.36 (KHTML, like Gecko) Chrome/83.0.4103.61 Safari/537.36"
205.169.39.127 - - [04/Jun/2024:10:41:37 +0000] "GET /wp-includes/js/dist/vendor/wp-polyfill-importmap.min.js?ver=1.8.2 HTTP/1.1" 200 27160 "https://eval.bob-datascientest.dns-dynamic.net/" "Mozilla/5.0 (Windows NT 6.1; Win64; x64) AppleWebKit/537.36 (KHTML, like Gecko) Chrome/83.0.4103.61 Safari/537.36"
93.123.39.131 - - [04/Jun/2024:10:41:46 +0000] "GET /.git/config HTTP/1.1" 404 13580 "-" "Mozilla/5.0 (Windows NT 10.0; Win64; x64) AppleWebKit/537.36 (KHTML, like Gecko) Chrome/58.0.3029.110 Safari/537.3"
78.192.244.59 - - [04/Jun/2024:10:41:54 +0000] "GET / HTTP/1.1" 301 178 "-" "Mozilla/5.0 (Windows NT 10.0; Win64; x64) AppleWebKit/537.36 (KHTML, like Gecko) Chrome/125.0.0.0 Safari/537.36"
78.192.244.59 - - [04/Jun/2024:10:41:54 +0000] "GET / HTTP/1.1" 200 20137 "-" "Mozilla/5.0 (Windows NT 10.0; Win64; x64) AppleWebKit/537.36 (KHTML, like Gecko) Chrome/125.0.0.0 Safari/537.36"
78.192.244.59 - - [04/Jun/2024:10:41:54 +0000] "GET /wp-includes/css/dashicons.min.css?ver=6.5.3 HTTP/1.1" 200 59016 "https://eval.bob-datascientest.dns-dynamic.net/" "Mozilla/5.0 (Windows NT 10.0; Win64; x64) AppleWebKit/537.36 (KHTML, like Gecko) Chrome/125.0.0.0 Safari/537.36"
78.192.244.59 - - [04/Jun/2024:10:41:54 +0000] "GET /wp-includes/css/admin-bar.min.css?ver=6.5.3 HTTP/1.1" 200 20319 "https://eval.bob-datascientest.dns-dynamic.net/" "Mozilla/5.0 (Windows NT 10.0; Win64; x64) AppleWebKit/537.36 (KHTML, like Gecko) Chrome/125.0.0.0 Safari/537.36"
78.192.244.59 - - [04/Jun/2024:10:41:54 +0000] "GET /wp-includes/blocks/navigation/view.min.js?ver=6.5.3 HTTP/1.1" 200 3300 "https://eval.bob-datascientest.dns-dynamic.net/" "Mozilla/5.0 (Windows NT 10.0; Win64; x64) AppleWebKit/537.36 (KHTML, like Gecko) Chrome/125.0.0.0 Safari/537.36"
78.192.244.59 - - [04/Jun/2024:10:41:54 +0000] "GET /wp-includes/blocks/image/style.min.css?ver=6.5.3 HTTP/1.1" 200 7049 "https://eval.bob-datascientest.dns-dynamic.net/" "Mozilla/5.0 (Windows NT 10.0; Win64; x64) AppleWebKit/537.36 (KHTML, like Gecko) Chrome/125.0.0.0 Safari/537.36"
78.192.244.59 - - [04/Jun/2024:10:41:54 +0000] "GET /wp-includes/blocks/navigation/style.min.css?ver=6.5.3 HTTP/1.1" 200 16484 "https://eval.bob-datascientest.dns-dynamic.net/" "Mozilla/5.0 (Windows NT 10.0; Win64; x64) AppleWebKit/537.36 (KHTML, like Gecko) Chrome/125.0.0.0 Safari/537.36"
78.192.244.59 - - [04/Jun/2024:10:41:54 +0000] "GET /wp-includes/js/dist/interactivity.min.js?ver=6.5.3 HTTP/1.1" 200 35085 "https://eval.bob-datascientest.dns-dynamic.net/" "Mozilla/5.0 (Windows NT 10.0; Win64; x64) AppleWebKit/537.36 (KHTML, like Gecko) Chrome/125.0.0.0 Safari/537.36"
78.192.244.59 - - [04/Jun/2024:10:41:54 +0000] "GET /wp-content/themes/twentytwentyfour/assets/images/tourist-and-building.webp HTTP/1.1" 200 66482 "https://eval.bob-datascientest.dns-dynamic.net/" "Mozilla/5.0 (Windows NT 10.0; Win64; x64) AppleWebKit/537.36 (KHTML, like Gecko) Chrome/125.0.0.0 Safari/537.36"
78.192.244.59 - - [04/Jun/2024:10:41:54 +0000] "GET /wp-content/themes/twentytwentyfour/assets/images/building-exterior.webp HTTP/1.1" 200 199724 "https://eval.bob-datascientest.dns-dynamic.net/" "Mozilla/5.0 (Windows NT 10.0; Win64; x64) AppleWebKit/537.36 (KHTML, like Gecko) Chrome/125.0.0.0 Safari/537.36"
78.192.244.59 - - [04/Jun/2024:10:41:54 +0000] "GET /wp-content/themes/twentytwentyfour/assets/images/windows.webp HTTP/1.1" 200 126244 "https://eval.bob-datascientest.dns-dynamic.net/" "Mozilla/5.0 (Windows NT 10.0; Win64; x64) AppleWebKit/537.36 (KHTML, like Gecko) Chrome/125.0.0.0 Safari/537.36"
78.192.244.59 - - [04/Jun/2024:10:41:54 +0000] "GET /wp-content/themes/twentytwentyfour/assets/fonts/cardo/cardo_italic_400.woff2 HTTP/1.1" 200 105184 "https://eval.bob-datascientest.dns-dynamic.net/" "Mozilla/5.0 (Windows NT 10.0; Win64; x64) AppleWebKit/537.36 (KHTML, like Gecko) Chrome/125.0.0.0 Safari/537.36"
78.192.244.59 - - [04/Jun/2024:10:41:54 +0000] "GET /wp-content/themes/twentytwentyfour/assets/fonts/inter/Inter-VariableFont_slnt,wght.woff2 HTTP/1.1" 200 326628 "https://eval.bob-datascientest.dns-dynamic.net/" "Mozilla/5.0 (Windows NT 10.0; Win64; x64) AppleWebKit/537.36 (KHTML, like Gecko) Chrome/125.0.0.0 Safari/537.36"
78.192.244.59 - - [04/Jun/2024:10:41:54 +0000] "GET /wp-content/themes/twentytwentyfour/assets/fonts/cardo/cardo_normal_400.woff2 HTTP/1.1" 200 146060 "https://eval.bob-datascientest.dns-dynamic.net/" "Mozilla/5.0 (Windows NT 10.0; Win64; x64) AppleWebKit/537.36 (KHTML, like Gecko) Chrome/125.0.0.0 Safari/537.36"
205.169.39.127 - - [04/Jun/2024:10:42:16 +0000] "GET / HTTP/1.1" 301 178 "-" "Mozilla/5.0 (Windows NT 10.0; Win64; x64) AppleWebKit/537.36 (KHTML, like Gecko) Chrome/79.0.3945.79 Safari/537.36"
205.169.39.127 - - [04/Jun/2024:10:42:17 +0000] "GET / HTTP/1.1" 200 18389 "-" "Mozilla/5.0 (Windows NT 10.0; Win64; x64) AppleWebKit/537.36 (KHTML, like Gecko) Chrome/79.0.3945.79 Safari/537.36"
205.169.39.127 - - [04/Jun/2024:10:42:17 +0000] "GET /wp-includes/js/dist/interactivity.min.js?ver=6.5.3 HTTP/1.1" 200 35085 "https://eval.bob-datascientest.dns-dynamic.net/" "Mozilla/5.0 (Windows NT 10.0; Win64; x64) AppleWebKit/537.36 (KHTML, like Gecko) Chrome/79.0.3945.79 Safari/537.36"
205.169.39.127 - - [04/Jun/2024:10:42:17 +0000] "GET /wp-includes/blocks/image/style.min.css?ver=6.5.3 HTTP/1.1" 200 7049 "https://eval.bob-datascientest.dns-dynamic.net/" "Mozilla/5.0 (Windows NT 10.0; Win64; x64) AppleWebKit/537.36 (KHTML, like Gecko) Chrome/79.0.3945.79 Safari/537.36"
205.169.39.127 - - [04/Jun/2024:10:42:17 +0000] "GET /wp-includes/blocks/navigation/style.min.css?ver=6.5.3 HTTP/1.1" 200 16484 "https://eval.bob-datascientest.dns-dynamic.net/" "Mozilla/5.0 (Windows NT 10.0; Win64; x64) AppleWebKit/537.36 (KHTML, like Gecko) Chrome/79.0.3945.79 Safari/537.36"
205.169.39.127 - - [04/Jun/2024:10:42:17 +0000] "GET /wp-includes/blocks/navigation/view.min.js?ver=6.5.3 HTTP/1.1" 200 3300 "https://eval.bob-datascientest.dns-dynamic.net/" "Mozilla/5.0 (Windows NT 10.0; Win64; x64) AppleWebKit/537.36 (KHTML, like Gecko) Chrome/79.0.3945.79 Safari/537.36"
205.169.39.127 - - [04/Jun/2024:10:42:18 +0000] "GET /wp-includes/js/dist/vendor/wp-polyfill-importmap.min.js?ver=1.8.2 HTTP/1.1" 200 27160 "https://eval.bob-datascientest.dns-dynamic.net/" "Mozilla/5.0 (Windows NT 10.0; Win64; x64) AppleWebKit/537.36 (KHTML, like Gecko) Chrome/79.0.3945.79 Safari/537.36"
205.169.39.127 - - [04/Jun/2024:10:42:18 +0000] "GET /wp-content/themes/twentytwentyfour/assets/images/building-exterior.webp HTTP/1.1" 200 199724 "https://eval.bob-datascientest.dns-dynamic.net/" "Mozilla/5.0 (Windows NT 10.0; Win64; x64) AppleWebKit/537.36 (KHTML, like Gecko) Chrome/79.0.3945.79 Safari/537.36"
205.169.39.127 - - [04/Jun/2024:10:42:18 +0000] "GET /wp-content/themes/twentytwentyfour/assets/images/tourist-and-building.webp HTTP/1.1" 200 66482 "https://eval.bob-datascientest.dns-dynamic.net/" "Mozilla/5.0 (Windows NT 10.0; Win64; x64) AppleWebKit/537.36 (KHTML, like Gecko) Chrome/79.0.3945.79 Safari/537.36"
205.169.39.127 - - [04/Jun/2024:10:42:18 +0000] "GET /wp-content/themes/twentytwentyfour/assets/images/windows.webp HTTP/1.1" 200 126244 "https://eval.bob-datascientest.dns-dynamic.net/" "Mozilla/5.0 (Windows NT 10.0; Win64; x64) AppleWebKit/537.36 (KHTML, like Gecko) Chrome/79.0.3945.79 Safari/537.36"
205.169.39.127 - - [04/Jun/2024:10:42:18 +0000] "GET /wp-content/themes/twentytwentyfour/assets/fonts/inter/Inter-VariableFont_slnt,wght.woff2 HTTP/1.1" 200 326628 "https://eval.bob-datascientest.dns-dynamic.net/" "Mozilla/5.0 (Windows NT 10.0; Win64; x64) AppleWebKit/537.36 (KHTML, like Gecko) Chrome/79.0.3945.79 Safari/537.36"
205.169.39.127 - - [04/Jun/2024:10:42:18 +0000] "GET /wp-content/themes/twentytwentyfour/assets/fonts/cardo/cardo_italic_400.woff2 HTTP/1.1" 200 105184 "https://eval.bob-datascientest.dns-dynamic.net/" "Mozilla/5.0 (Windows NT 10.0; Win64; x64) AppleWebKit/537.36 (KHTML, like Gecko) Chrome/79.0.3945.79 Safari/537.36"
205.169.39.127 - - [04/Jun/2024:10:42:18 +0000] "GET /wp-includes/js/wp-emoji-release.min.js?ver=6.5.3 HTTP/1.1" 200 18726 "https://eval.bob-datascientest.dns-dynamic.net/" "Mozilla/5.0 (Windows NT 10.0; Win64; x64) AppleWebKit/537.36 (KHTML, like Gecko) Chrome/79.0.3945.79 Safari/537.36"
205.169.39.127 - - [04/Jun/2024:10:42:18 +0000] "GET /wp-content/themes/twentytwentyfour/assets/fonts/cardo/cardo_normal_400.woff2 HTTP/1.1" 200 146060 "https://eval.bob-datascientest.dns-dynamic.net/" "Mozilla/5.0 (Windows NT 10.0; Win64; x64) AppleWebKit/537.36 (KHTML, like Gecko) Chrome/79.0.3945.79 Safari/537.36"
78.192.244.59 - - [04/Jun/2024:10:42:21 +0000] "POST /wp-admin/admin-ajax.php HTTP/1.1" 200 58 "https://eval.bob-datascientest.dns-dynamic.net/wp-admin/index.php" "Mozilla/5.0 (Windows NT 10.0; Win64; x64) AppleWebKit/537.36 (KHTML, like Gecko) Chrome/125.0.0.0 Safari/537.36"
104.198.134.10 - - [04/Jun/2024:10:42:45 +0000] "GET / HTTP/1.1" 301 178 "-" "Mozilla/5.0 (Macintosh; Intel Mac OS X 10_9_0) AppleWebKit/537.36 (KHTML, like Gecko) Chrome/32.0.1664.3 Safari/537.36"
104.198.134.10 - - [04/Jun/2024:10:42:45 +0000] "GET / HTTP/1.1" 200 18389 "-" "Mozilla/5.0 (Macintosh; Intel Mac OS X 10_9_0) AppleWebKit/537.36 (KHTML, like Gecko) Chrome/32.0.1664.3 Safari/537.36"
78.192.244.59 - - [04/Jun/2024:10:44:22 +0000] "POST /wp-admin/admin-ajax.php HTTP/1.1" 200 58 "https://eval.bob-datascientest.dns-dynamic.net/wp-admin/index.php" "Mozilla/5.0 (Windows NT 10.0; Win64; x64) AppleWebKit/537.36 (KHTML, like Gecko) Chrome/125.0.0.0 Safari/537.36"
179.43.169.181 - - [04/Jun/2024:10:45:27 +0000] "GET / HTTP/1.1" 200 88275 "-" "Mozilla/5.0 (X11; Linux i686; rv:10.0) Gecko/20100101 Firefox/10.0"
165.227.64.216 - - [04/Jun/2024:10:46:06 +0000] "GET /dns-query?dns=6KUBAAABAAAAAAAAA3d3dwNjbm4DY29tAAABAAE HTTP/1.1" 404 13580 "-" "python-requests/2.22.0"
168.151.110.59 - - [04/Jun/2024:10:46:11 +0000] "GET / HTTP/1.1" 200 18389 "-" "Mozilla/5.0 (iPhone; CPU iPhone OS 16_0 like Mac OS X) AppleWebKit/605.1.15 (KHTML, like Gecko) CriOS/99.0.4844.47 Mobile/15E148 Safari/604.1"
188.212.142.213 - - [04/Jun/2024:10:46:11 +0000] "GET / HTTP/1.1" 200 18389 "-" "Mozilla/5.0 (iPhone; CPU iPhone OS 16_0 like Mac OS X) AppleWebKit/605.1.15 (KHTML, like Gecko) CriOS/99.0.4844.47 Mobile/15E148 Safari/604.1"
94.176.57.189 - - [04/Jun/2024:10:46:11 +0000] "GET /wp-includes/blocks/image/style.min.css?ver=6.5.3 HTTP/1.1" 200 7049 "https://eval.bob-datascientest.dns-dynamic.net/" "Mozilla/5.0 (iPhone; CPU iPhone OS 16_0 like Mac OS X) AppleWebKit/605.1.15 (KHTML, like Gecko) CriOS/99.0.4844.47 Mobile/15E148 Safari/604.1"
168.151.110.59 - - [04/Jun/2024:10:46:11 +0000] "GET /wp-includes/blocks/navigation/style.min.css?ver=6.5.3 HTTP/1.1" 200 16484 "https://eval.bob-datascientest.dns-dynamic.net/" "Mozilla/5.0 (iPhone; CPU iPhone OS 16_0 like Mac OS X) AppleWebKit/605.1.15 (KHTML, like Gecko) CriOS/99.0.4844.47 Mobile/15E148 Safari/604.1"
168.151.110.59 - - [04/Jun/2024:10:46:11 +0000] "GET /wp-includes/blocks/navigation/view.min.js?ver=6.5.3 HTTP/1.1" 200 3300 "https://eval.bob-datascientest.dns-dynamic.net/" "Mozilla/5.0 (iPhone; CPU iPhone OS 16_0 like Mac OS X) AppleWebKit/605.1.15 (KHTML, like Gecko) CriOS/99.0.4844.47 Mobile/15E148 Safari/604.1"
94.176.57.189 - - [04/Jun/2024:10:46:11 +0000] "GET /wp-includes/js/dist/interactivity.min.js?ver=6.5.3 HTTP/1.1" 200 35085 "https://eval.bob-datascientest.dns-dynamic.net/" "Mozilla/5.0 (iPhone; CPU iPhone OS 16_0 like Mac OS X) AppleWebKit/605.1.15 (KHTML, like Gecko) CriOS/99.0.4844.47 Mobile/15E148 Safari/604.1"
188.212.142.213 - - [04/Jun/2024:10:46:11 +0000] "GET /wp-includes/blocks/navigation/style.min.css?ver=6.5.3 HTTP/1.1" 200 16484 "https://eval.bob-datascientest.dns-dynamic.net/" "Mozilla/5.0 (iPhone; CPU iPhone OS 16_0 like Mac OS X) AppleWebKit/605.1.15 (KHTML, like Gecko) CriOS/99.0.4844.47 Mobile/15E148 Safari/604.1"
216.19.201.145 - - [04/Jun/2024:10:46:11 +0000] "GET /wp-content/themes/twentytwentyfour/assets/fonts/cardo/cardo_normal_400.woff2 HTTP/1.1" 200 146060 "https://eval.bob-datascientest.dns-dynamic.net/" "Mozilla/5.0 (iPhone; CPU iPhone OS 16_0 like Mac OS X) AppleWebKit/605.1.15 (KHTML, like Gecko) CriOS/99.0.4844.47 Mobile/15E148 Safari/604.1"
188.212.142.213 - - [04/Jun/2024:10:46:11 +0000] "GET /wp-includes/blocks/image/style.min.css?ver=6.5.3 HTTP/1.1" 200 7049 "https://eval.bob-datascientest.dns-dynamic.net/" "Mozilla/5.0 (iPhone; CPU iPhone OS 16_0 like Mac OS X) AppleWebKit/605.1.15 (KHTML, like Gecko) CriOS/99.0.4844.47 Mobile/15E148 Safari/604.1"
168.151.110.59 - - [04/Jun/2024:10:46:12 +0000] "GET /wp-content/themes/twentytwentyfour/assets/fonts/inter/Inter-VariableFont_slnt,wght.woff2 HTTP/1.1" 200 326628 "https://eval.bob-datascientest.dns-dynamic.net/" "Mozilla/5.0 (iPhone; CPU iPhone OS 16_0 like Mac OS X) AppleWebKit/605.1.15 (KHTML, like Gecko) CriOS/99.0.4844.47 Mobile/15E148 Safari/604.1"
94.176.57.189 - - [04/Jun/2024:10:46:12 +0000] "GET /wp-content/themes/twentytwentyfour/assets/fonts/cardo/cardo_italic_400.woff2 HTTP/1.1" 200 105184 "https://eval.bob-datascientest.dns-dynamic.net/" "Mozilla/5.0 (iPhone; CPU iPhone OS 16_0 like Mac OS X) AppleWebKit/605.1.15 (KHTML, like Gecko) CriOS/99.0.4844.47 Mobile/15E148 Safari/604.1"
119.13.207.159 - - [04/Jun/2024:10:46:12 +0000] "GET /wp-includes/blocks/navigation/view.min.js?ver=6.5.3 HTTP/1.1" 200 3300 "https://eval.bob-datascientest.dns-dynamic.net/" "Mozilla/5.0 (iPhone; CPU iPhone OS 16_0 like Mac OS X) AppleWebKit/605.1.15 (KHTML, like Gecko) CriOS/99.0.4844.47 Mobile/15E148 Safari/604.1"
206.204.2.97 - - [04/Jun/2024:10:46:12 +0000] "GET /wp-includes/js/dist/interactivity.min.js?ver=6.5.3 HTTP/1.1" 200 35085 "https://eval.bob-datascientest.dns-dynamic.net/" "Mozilla/5.0 (iPhone; CPU iPhone OS 16_0 like Mac OS X) AppleWebKit/605.1.15 (KHTML, like Gecko) CriOS/99.0.4844.47 Mobile/15E148 Safari/604.1"
94.176.57.189 - - [04/Jun/2024:10:46:12 +0000] "GET /wp-content/themes/twentytwentyfour/assets/images/tourist-and-building.webp HTTP/1.1" 200 66482 "https://eval.bob-datascientest.dns-dynamic.net/" "Mozilla/5.0 (iPhone; CPU iPhone OS 16_0 like Mac OS X) AppleWebKit/605.1.15 (KHTML, like Gecko) CriOS/99.0.4844.47 Mobile/15E148 Safari/604.1"
188.212.142.213 - - [04/Jun/2024:10:46:12 +0000] "GET /wp-content/themes/twentytwentyfour/assets/images/tourist-and-building.webp HTTP/1.1" 200 66482 "https://eval.bob-datascientest.dns-dynamic.net/" "Mozilla/5.0 (iPhone; CPU iPhone OS 16_0 like Mac OS X) AppleWebKit/605.1.15 (KHTML, like Gecko) CriOS/99.0.4844.47 Mobile/15E148 Safari/604.1"
168.151.110.59 - - [04/Jun/2024:10:46:12 +0000] "GET /wp-content/themes/twentytwentyfour/assets/images/windows.webp HTTP/1.1" 200 126244 "https://eval.bob-datascientest.dns-dynamic.net/" "Mozilla/5.0 (iPhone; CPU iPhone OS 16_0 like Mac OS X) AppleWebKit/605.1.15 (KHTML, like Gecko) CriOS/99.0.4844.47 Mobile/15E148 Safari/604.1"
168.151.99.209 - - [04/Jun/2024:10:46:12 +0000] "GET /wp-content/themes/twentytwentyfour/assets/images/building-exterior.webp HTTP/1.1" 200 199724 "https://eval.bob-datascientest.dns-dynamic.net/" "Mozilla/5.0 (iPhone; CPU iPhone OS 16_0 like Mac OS X) AppleWebKit/605.1.15 (KHTML, like Gecko) CriOS/99.0.4844.47 Mobile/15E148 Safari/604.1"
188.212.136.255 - - [04/Jun/2024:10:46:12 +0000] "GET /wp-content/themes/twentytwentyfour/assets/images/building-exterior.webp HTTP/1.1" 200 199724 "https://eval.bob-datascientest.dns-dynamic.net/" "Mozilla/5.0 (iPhone; CPU iPhone OS 16_0 like Mac OS X) AppleWebKit/605.1.15 (KHTML, like Gecko) CriOS/99.0.4844.47 Mobile/15E148 Safari/604.1"
168.151.165.169 - - [04/Jun/2024:10:46:12 +0000] "GET /wp-content/themes/twentytwentyfour/assets/images/windows.webp HTTP/1.1" 200 126244 "https://eval.bob-datascientest.dns-dynamic.net/" "Mozilla/5.0 (iPhone; CPU iPhone OS 16_0 like Mac OS X) AppleWebKit/605.1.15 (KHTML, like Gecko) CriOS/99.0.4844.47 Mobile/15E148 Safari/604.1"
206.204.2.97 - - [04/Jun/2024:10:46:12 +0000] "GET /wp-content/themes/twentytwentyfour/assets/fonts/cardo/cardo_normal_400.woff2 HTTP/1.1" 200 146060 "https://eval.bob-datascientest.dns-dynamic.net/" "Mozilla/5.0 (iPhone; CPU iPhone OS 16_0 like Mac OS X) AppleWebKit/605.1.15 (KHTML, like Gecko) CriOS/99.0.4844.47 Mobile/15E148 Safari/604.1"
119.13.207.159 - - [04/Jun/2024:10:46:12 +0000] "GET /wp-content/themes/twentytwentyfour/assets/fonts/inter/Inter-VariableFont_slnt,wght.woff2 HTTP/1.1" 200 326628 "https://eval.bob-datascientest.dns-dynamic.net/" "Mozilla/5.0 (iPhone; CPU iPhone OS 16_0 like Mac OS X) AppleWebKit/605.1.15 (KHTML, like Gecko) CriOS/99.0.4844.47 Mobile/15E148 Safari/604.1"
188.212.142.213 - - [04/Jun/2024:10:46:12 +0000] "GET /wp-content/themes/twentytwentyfour/assets/fonts/cardo/cardo_italic_400.woff2 HTTP/1.1" 200 105184 "https://eval.bob-datascientest.dns-dynamic.net/" "Mozilla/5.0 (iPhone; CPU iPhone OS 16_0 like Mac OS X) AppleWebKit/605.1.15 (KHTML, like Gecko) CriOS/99.0.4844.47 Mobile/15E148 Safari/604.1"
165.227.64.216 - - [04/Jun/2024:10:46:13 +0000] "GET /dns-query?dns=aFoBAAABAAAAAAAAA3d3dwd0d2l0dGVyA2NvbQAAAQAB HTTP/1.1" 404 13580 "-" "python-requests/2.22.0"
165.227.64.216 - - [04/Jun/2024:10:46:18 +0000] "GET /dns-query?dns=rfIBAAABAAAAAAAAA3d3dwNjbm4DY29tAAABAAE HTTP/1.1" 404 13580 "-" "python-requests/2.22.0"
179.43.169.181 - - [04/Jun/2024:10:46:22 +0000] "GET / HTTP/1.1" 200 88275 "-" "Mozilla/5.0 (X11; Linux i686; rv:10.0) Gecko/20100101 Firefox/10.0"
78.192.244.59 - - [04/Jun/2024:10:46:23 +0000] "POST /wp-admin/admin-ajax.php HTTP/1.1" 200 58 "https://eval.bob-datascientest.dns-dynamic.net/wp-admin/index.php" "Mozilla/5.0 (Windows NT 10.0; Win64; x64) AppleWebKit/537.36 (KHTML, like Gecko) Chrome/125.0.0.0 Safari/537.36"
78.192.244.59 - - [04/Jun/2024:10:48:24 +0000] "POST /wp-admin/admin-ajax.php HTTP/1.1" 200 58 "https://eval.bob-datascientest.dns-dynamic.net/wp-admin/index.php" "Mozilla/5.0 (Windows NT 10.0; Win64; x64) AppleWebKit/537.36 (KHTML, like Gecko) Chrome/125.0.0.0 Safari/537.36"
78.192.244.59 - - [04/Jun/2024:10:50:25 +0000] "POST /wp-admin/admin-ajax.php HTTP/1.1" 200 58 "https://eval.bob-datascientest.dns-dynamic.net/wp-admin/index.php" "Mozilla/5.0 (Windows NT 10.0; Win64; x64) AppleWebKit/537.36 (KHTML, like Gecko) Chrome/125.0.0.0 Safari/537.36"
78.192.244.59 - - [04/Jun/2024:10:52:26 +0000] "POST /wp-admin/admin-ajax.php HTTP/1.1" 200 58 "https://eval.bob-datascientest.dns-dynamic.net/wp-admin/index.php" "Mozilla/5.0 (Windows NT 10.0; Win64; x64) AppleWebKit/537.36 (KHTML, like Gecko) Chrome/125.0.0.0 Safari/537.36"
78.192.244.59 - - [04/Jun/2024:10:52:55 +0000] "GET /wp-admin/edit.php HTTP/1.1" 200 16489 "https://eval.bob-datascientest.dns-dynamic.net/wp-admin/index.php" "Mozilla/5.0 (Windows NT 10.0; Win64; x64) AppleWebKit/537.36 (KHTML, like Gecko) Chrome/125.0.0.0 Safari/537.36"
78.192.244.59 - - [04/Jun/2024:10:52:55 +0000] "GET /wp-admin/load-styles.php?c=1&dir=ltr&load%5Bchunk_0%5D=dashicons,admin-bar,common,forms,admin-menu,dashboard,list-tables,edit,revisions,media,themes,about,nav-menus,wp-pointer,widgets&load%5Bchunk_1%5D=,site-icon,l10n,buttons,wp-auth-check&ver=6.5.3 HTTP/1.1" 200 394450 "https://eval.bob-datascientest.dns-dynamic.net/wp-admin/edit.php" "Mozilla/5.0 (Windows NT 10.0; Win64; x64) AppleWebKit/537.36 (KHTML, like Gecko) Chrome/125.0.0.0 Safari/537.36"
78.192.244.59 - - [04/Jun/2024:10:52:55 +0000] "GET /wp-admin/js/tags-suggest.min.js?ver=6.5.3 HTTP/1.1" 200 2269 "https://eval.bob-datascientest.dns-dynamic.net/wp-admin/edit.php" "Mozilla/5.0 (Windows NT 10.0; Win64; x64) AppleWebKit/537.36 (KHTML, like Gecko) Chrome/125.0.0.0 Safari/537.36"
78.192.244.59 - - [04/Jun/2024:10:52:55 +0000] "GET /wp-admin/js/inline-edit-post.min.js?ver=6.5.3 HTTP/1.1" 200 9494 "https://eval.bob-datascientest.dns-dynamic.net/wp-admin/edit.php" "Mozilla/5.0 (Windows NT 10.0; Win64; x64) AppleWebKit/537.36 (KHTML, like Gecko) Chrome/125.0.0.0 Safari/537.36"
78.192.244.59 - - [04/Jun/2024:10:52:55 +0000] "POST /wp-admin/admin-ajax.php HTTP/1.1" 200 58 "https://eval.bob-datascientest.dns-dynamic.net/wp-admin/edit.php" "Mozilla/5.0 (Windows NT 10.0; Win64; x64) AppleWebKit/537.36 (KHTML, like Gecko) Chrome/125.0.0.0 Safari/537.36"
78.192.244.59 - - [04/Jun/2024:10:53:03 +0000] "GET /wp-admin/post-new.php HTTP/1.1" 200 146545 "https://eval.bob-datascientest.dns-dynamic.net/wp-admin/edit.php" "Mozilla/5.0 (Windows NT 10.0; Win64; x64) AppleWebKit/537.36 (KHTML, like Gecko) Chrome/125.0.0.0 Safari/537.36"
78.192.244.59 - - [04/Jun/2024:10:53:03 +0000] "GET /wp-includes/js/mediaelement/mediaelementplayer-legacy.min.css?ver=4.2.17 HTTP/1.1" 200 11256 "https://eval.bob-datascientest.dns-dynamic.net/wp-admin/post-new.php" "Mozilla/5.0 (Windows NT 10.0; Win64; x64) AppleWebKit/537.36 (KHTML, like Gecko) Chrome/125.0.0.0 Safari/537.36"
78.192.244.59 - - [04/Jun/2024:10:53:03 +0000] "GET /wp-includes/js/mediaelement/wp-mediaelement.min.css?ver=6.5.3 HTTP/1.1" 200 4186 "https://eval.bob-datascientest.dns-dynamic.net/wp-admin/post-new.php" "Mozilla/5.0 (Windows NT 10.0; Win64; x64) AppleWebKit/537.36 (KHTML, like Gecko) Chrome/125.0.0.0 Safari/537.36"
78.192.244.59 - - [04/Jun/2024:10:53:03 +0000] "GET /wp-includes/js/imgareaselect/imgareaselect.css?ver=0.9.8 HTTP/1.1" 200 790 "https://eval.bob-datascientest.dns-dynamic.net/wp-admin/post-new.php" "Mozilla/5.0 (Windows NT 10.0; Win64; x64) AppleWebKit/537.36 (KHTML, like Gecko) Chrome/125.0.0.0 Safari/537.36"
78.192.244.59 - - [04/Jun/2024:10:53:03 +0000] "GET /wp-content/themes/twentytwentyfour/assets/css/button-outline.css?ver=1.1 HTTP/1.1" 200 357 "https://eval.bob-datascientest.dns-dynamic.net/wp-admin/post-new.php" "Mozilla/5.0 (Windows NT 10.0; Win64; x64) AppleWebKit/537.36 (KHTML, like Gecko) Chrome/125.0.0.0 Safari/537.36"
78.192.244.59 - - [04/Jun/2024:10:53:03 +0000] "GET /wp-includes/js/dist/vendor/react.min.js?ver=18.2.0 HTTP/1.1" 200 10609 "https://eval.bob-datascientest.dns-dynamic.net/wp-admin/post-new.php" "Mozilla/5.0 (Windows NT 10.0; Win64; x64) AppleWebKit/537.36 (KHTML, like Gecko) Chrome/125.0.0.0 Safari/537.36"
